// Jest Snapshot v1, https://goo.gl/fbAQLP

exports[`@nrwl/storybook:cypress-project should generate files 1`] = `
"import { defineConfig } from 'cypress';
import { nxE2EPreset } from '@nrwl/cypress/plugins/cypress-preset';
export default defineConfig({
    e2e: {
        ... nxE2EPreset(__dirname),
        baseUrl: 'http://localhost:4400'
    }
});
"
`;
